<?xml version="1.0" encoding="UTF-8"?>
<TestRun id="82b65c6c-5869-481a-b377-e3e52c9253dc" name="admin@ADMIN-PC 2012-08-08 11:42:37" runUser="admin-PC\admin" xmlns="http://microsoft.com/schemas/VisualStudio/TeamTest/2010">
  <TestSettings name="Local" id="82f59dc1-3363-4347-b827-c222bb016f93">
    <Description>These are default test settings for a local test run.</Description>
    <Deployment enabled="false" runDeploymentRoot="admin_ADMIN-PC 2012-08-08 11_42_37">
      <DeploymentItem filename="E:\Demo\SimpleWCF\Dependencies\packages\Moq.4.0.10827\lib\NET40\Moq.dll" />
      <DeploymentItem filename="E:\Demo\SimpleWCF\SimpleWCF.Logic\bin\Debug\SimpleWCF.Logic.dll" />
      <DeploymentItem filename="E:\Demo\SimpleWCF\SimpleWCF.Contract\bin\Debug\SimpleWCF.Contract.dll" />
    </Deployment>
    <Execution>
      <TestTypeSpecific />
      <AgentRule name="Execution Agents">
      </AgentRule>
    </Execution>
  </TestSettings>
  <Times creation="2012-08-08T11:42:37.8401015+08:00" queuing="2012-08-08T11:42:38.5071397+08:00" start="2012-08-08T11:42:38.5521423+08:00" finish="2012-08-08T11:42:39.2101799+08:00" />
  <ResultSummary outcome="Completed">
    <Counters total="4" executed="4" passed="4" error="0" failed="0" timeout="0" aborted="0" inconclusive="0" passedButRunAborted="0" notRunnable="0" notExecuted="0" disconnected="0" warning="0" completed="0" inProgress="0" pending="0" />
  </ResultSummary>
  <TestDefinitions>
    <UnitTest name="MulOperatorTest" storage="e:\demo\simplewcf\operatortest\bin\debug\operatortest.dll" id="e4546eba-d98d-8353-8cc9-8560d0b8ffcc">
      <Execution id="f9d250d1-3548-4eb6-87fe-db954800f78f" />
      <TestMethod codeBase="E:/Demo/SimpleWCF/OperatorTest/bin/Debug/OperatorTest.DLL" adapterTypeName="Microsoft.VisualStudio.TestTools.TestTypes.Unit.UnitTestAdapter, Microsoft.VisualStudio.QualityTools.Tips.UnitTest.Adapter, Version=10.0.0.0, Culture=neutral, PublicKeyToken=b03f5f7f11d50a3a" className="OperatorTest.LogicTest, OperatorTest, Version=1.0.0.0, Culture=neutral, PublicKeyToken=null" name="MulOperatorTest" />
    </UnitTest>
    <UnitTest name="DivideOperator" storage="e:\demo\simplewcf\operatortest\bin\debug\operatortest.dll" id="a677a80e-c39f-05e1-e5ce-cdb6c3f7c2f6">
      <Execution id="9ec5ec9d-81b2-4daa-8831-c6ef107597c9" />
      <TestMethod codeBase="E:/Demo/SimpleWCF/OperatorTest/bin/Debug/OperatorTest.DLL" adapterTypeName="Microsoft.VisualStudio.TestTools.TestTypes.Unit.UnitTestAdapter, Microsoft.VisualStudio.QualityTools.Tips.UnitTest.Adapter, Version=10.0.0.0, Culture=neutral, PublicKeyToken=b03f5f7f11d50a3a" className="OperatorTest.LogicTest, OperatorTest, Version=1.0.0.0, Culture=neutral, PublicKeyToken=null" name="DivideOperator" />
    </UnitTest>
    <UnitTest name="SubOperatorTest" storage="e:\demo\simplewcf\operatortest\bin\debug\operatortest.dll" id="0f40c0b0-533c-213b-6679-a6aa1d59f526">
      <Execution id="33977ed4-8eb3-4983-a626-e50b4caf39be" />
      <TestMethod codeBase="E:/Demo/SimpleWCF/OperatorTest/bin/Debug/OperatorTest.DLL" adapterTypeName="Microsoft.VisualStudio.TestTools.TestTypes.Unit.UnitTestAdapter, Microsoft.VisualStudio.QualityTools.Tips.UnitTest.Adapter, Version=10.0.0.0, Culture=neutral, PublicKeyToken=b03f5f7f11d50a3a" className="OperatorTest.LogicTest, OperatorTest, Version=1.0.0.0, Culture=neutral, PublicKeyToken=null" name="SubOperatorTest" />
    </UnitTest>
    <UnitTest name="AddOperatorTest" storage="e:\demo\simplewcf\operatortest\bin\debug\operatortest.dll" id="1c179e00-143e-e313-ac4f-11f7cff75811">
      <Execution id="56ad4228-1370-4d36-b0ac-375b3005c9c9" />
      <TestMethod codeBase="E:/Demo/SimpleWCF/OperatorTest/bin/Debug/OperatorTest.DLL" adapterTypeName="Microsoft.VisualStudio.TestTools.TestTypes.Unit.UnitTestAdapter, Microsoft.VisualStudio.QualityTools.Tips.UnitTest.Adapter, Version=10.0.0.0, Culture=neutral, PublicKeyToken=b03f5f7f11d50a3a" className="OperatorTest.LogicTest, OperatorTest, Version=1.0.0.0, Culture=neutral, PublicKeyToken=null" name="AddOperatorTest" />
    </UnitTest>
  </TestDefinitions>
  <TestLists>
    <TestList name="Results Not in a List" id="8c84fa94-04c1-424b-9868-57a2d4851a1d" />
    <TestList name="All Loaded Results" id="19431567-8539-422a-85d7-44ee4e166bda" />
  </TestLists>
  <TestEntries>
    <TestEntry testId="0f40c0b0-533c-213b-6679-a6aa1d59f526" executionId="33977ed4-8eb3-4983-a626-e50b4caf39be" testListId="8c84fa94-04c1-424b-9868-57a2d4851a1d" />
    <TestEntry testId="1c179e00-143e-e313-ac4f-11f7cff75811" executionId="56ad4228-1370-4d36-b0ac-375b3005c9c9" testListId="8c84fa94-04c1-424b-9868-57a2d4851a1d" />
    <TestEntry testId="a677a80e-c39f-05e1-e5ce-cdb6c3f7c2f6" executionId="9ec5ec9d-81b2-4daa-8831-c6ef107597c9" testListId="8c84fa94-04c1-424b-9868-57a2d4851a1d" />
    <TestEntry testId="e4546eba-d98d-8353-8cc9-8560d0b8ffcc" executionId="f9d250d1-3548-4eb6-87fe-db954800f78f" testListId="8c84fa94-04c1-424b-9868-57a2d4851a1d" />
  </TestEntries>
  <Results>
    <UnitTestResult executionId="33977ed4-8eb3-4983-a626-e50b4caf39be" testId="0f40c0b0-533c-213b-6679-a6aa1d59f526" testName="SubOperatorTest" computerName="ADMIN-PC" duration="00:00:00.0178353" startTime="2012-08-08T11:42:38.5981449+08:00" endTime="2012-08-08T11:42:39.1071740+08:00" testType="13cdc9d9-ddb5-4fa4-a97d-d965ccfc6d4b" outcome="Passed" testListId="8c84fa94-04c1-424b-9868-57a2d4851a1d" relativeResultsDirectory="33977ed4-8eb3-4983-a626-e50b4caf39be">
    </UnitTestResult>
    <UnitTestResult executionId="56ad4228-1370-4d36-b0ac-375b3005c9c9" testId="1c179e00-143e-e313-ac4f-11f7cff75811" testName="AddOperatorTest" computerName="ADMIN-PC" duration="00:00:00.0006767" startTime="2012-08-08T11:42:39.1181746+08:00" endTime="2012-08-08T11:42:39.1231749+08:00" testType="13cdc9d9-ddb5-4fa4-a97d-d965ccfc6d4b" outcome="Passed" testListId="8c84fa94-04c1-424b-9868-57a2d4851a1d" relativeResultsDirectory="56ad4228-1370-4d36-b0ac-375b3005c9c9">
    </UnitTestResult>
    <UnitTestResult executionId="9ec5ec9d-81b2-4daa-8831-c6ef107597c9" testId="a677a80e-c39f-05e1-e5ce-cdb6c3f7c2f6" testName="DivideOperator" computerName="ADMIN-PC" duration="00:00:00.0007990" startTime="2012-08-08T11:42:39.1291753+08:00" endTime="2012-08-08T11:42:39.1341755+08:00" testType="13cdc9d9-ddb5-4fa4-a97d-d965ccfc6d4b" outcome="Passed" testListId="8c84fa94-04c1-424b-9868-57a2d4851a1d" relativeResultsDirectory="9ec5ec9d-81b2-4daa-8831-c6ef107597c9">
    </UnitTestResult>
    <UnitTestResult executionId="f9d250d1-3548-4eb6-87fe-db954800f78f" testId="e4546eba-d98d-8353-8cc9-8560d0b8ffcc" testName="MulOperatorTest" computerName="ADMIN-PC" duration="00:00:00.0006719" startTime="2012-08-08T11:42:39.1401759+08:00" endTime="2012-08-08T11:42:39.1441761+08:00" testType="13cdc9d9-ddb5-4fa4-a97d-d965ccfc6d4b" outcome="Passed" testListId="8c84fa94-04c1-424b-9868-57a2d4851a1d" relativeResultsDirectory="f9d250d1-3548-4eb6-87fe-db954800f78f">
    </UnitTestResult>
  </Results>
</TestRun>